已經開始建置於 2015/6/5 上午 10:25:03。
     1>節點 2 (Build 目標) 上的專案 "C:\Users\9200\Desktop\WORK\P2P\UDT\udt.sdk.4.11\udt4-appclient\win\test.vcxproj"。
     1>ClCompile:
         C:\Program Files (x86)\Microsoft Visual Studio 12.0\VC\bin\CL.exe /c /I../src /I../src /ZI /nologo /W3 /WX- /Od /Oy- /D WIN32 /D _DEBUG /D _CONSOLE /D _VC80_UPGRADE=0x0710 /D _MBCS /Gm /EHsc /RTC1 /MDd /GS /fp:precise /Zc:wchar_t /Zc:forScope /Fo"../app\\" /Fd"../app\vc120.pdb" /Gd /TP /analyze- /errorReport:prompt ..\app\test.cpp
         test.cpp
     1>c:\users\9200\desktop\work\p2p\udt\udt.sdk.4.11\udt4-appclient\src\udt.h(248): warning C4251: 'CUDTException::m_strMsg' : class 'std::basic_string<char,std::char_traits<char>,std::allocator<char>>' 必須有 DLL 介面，才能被為 class 'CUDTException' 的用戶端使用
     1>c:\users\9200\desktop\work\p2p\udt\udt.sdk.4.11\udt4-appclient\src\udt.h(250): warning C4251: 'CUDTException::m_strAPI' : class 'std::basic_string<char,std::char_traits<char>,std::allocator<char>>' 必須有 DLL 介面，才能被為 class 'CUDTException' 的用戶端使用
     1>c:\users\9200\desktop\work\p2p\udt\udt.sdk.4.11\udt4-appclient\src\udt.h(251): warning C4251: 'CUDTException::m_strDebug' : class 'std::basic_string<char,std::char_traits<char>,std::allocator<char>>' 必須有 DLL 介面，才能被為 class 'CUDTException' 的用戶端使用
     1>c:\users\9200\desktop\work\p2p\udt\udt.sdk.4.11\udt4-appclient\app\test.cpp(36): warning C4996: 'sprintf': This function or variable may be unsafe. Consider using sprintf_s instead. To disable deprecation, use _CRT_SECURE_NO_WARNINGS. See online help for details.
                 c:\program files (x86)\microsoft visual studio 12.0\vc\include\stdio.h(356) : 請參閱 'sprintf' 的宣告
     1>c:\users\9200\desktop\work\p2p\udt\udt.sdk.4.11\udt4-appclient\app\test.cpp(81): warning C4996: 'sprintf': This function or variable may be unsafe. Consider using sprintf_s instead. To disable deprecation, use _CRT_SECURE_NO_WARNINGS. See online help for details.
                 c:\program files (x86)\microsoft visual studio 12.0\vc\include\stdio.h(356) : 請參閱 'sprintf' 的宣告
     1>c:\users\9200\desktop\work\p2p\udt\udt.sdk.4.11\udt4-appclient\app\test.cpp(108): warning C4996: 'sprintf': This function or variable may be unsafe. Consider using sprintf_s instead. To disable deprecation, use _CRT_SECURE_NO_WARNINGS. See online help for details.
                 c:\program files (x86)\microsoft visual studio 12.0\vc\include\stdio.h(356) : 請參閱 'sprintf' 的宣告
     1>c:\users\9200\desktop\work\p2p\udt\udt.sdk.4.11\udt4-appclient\app\test.cpp(130): warning C4996: 'sprintf': This function or variable may be unsafe. Consider using sprintf_s instead. To disable deprecation, use _CRT_SECURE_NO_WARNINGS. See online help for details.
                 c:\program files (x86)\microsoft visual studio 12.0\vc\include\stdio.h(356) : 請參閱 'sprintf' 的宣告
       Link:
         C:\Program Files (x86)\Microsoft Visual Studio 12.0\VC\bin\link.exe /ERRORREPORT:PROMPT /OUT:"../app\test.exe" /INCREMENTAL /NOLOGO /LIBPATH:../src kernel32.lib user32.lib ws2_32.lib udt.lib /MANIFEST /MANIFESTUAC:"level='asInvoker' uiAccess='false'" /manifest:embed /DEBUG /PDB:"../app\test.pdb" /SUBSYSTEM:CONSOLE /TLBID:1 /DYNAMICBASE:NO /IMPLIB:"../app\test.lib" /MACHINE:X86 /SAFESEH ../app\test.obj
     1>test.obj : warning LNK4075: 忽略 '/EDITANDCONTINUE'，由於 '/SAFESEH' 規格
         test.vcxproj -> C:\Users\9200\Desktop\WORK\P2P\UDT\udt.sdk.4.11\udt4-appclient\win\../app\test.exe
     1>專案 "C:\Users\9200\Desktop\WORK\P2P\UDT\udt.sdk.4.11\udt4-appclient\win\test.vcxproj" (Build 目標) 建置完成。

建置成功。

經過時間 00:00:01.22
